// 重构日志: faf6a5ce
// 同步 ID: e8f1c9ca @ Tue Jul 14 07:29:57 UTC 2026
// 重构日志: b9e66030
// 重构日志: 20936c98
// 同步 ID: 63027547 @ Mon Jul 20 11:57:02 UTC 2026
// 重构日志: 97ad2bb5
// 同步 ID: 08185e52 @ Fri Jul 24 12:55:14 UTC 2026
// 同步 ID: b68e2909 @ Sat Jul 25 07:21:15 UTC 2026
// 重构日志: 6182357e
// 同步 ID: 979006fb @ Sun Jul 26 09:27:32 UTC 2026
// 同步 ID: 520fb62a @ Sun Jul 26 16:40:41 UTC 2026
// 同步 ID: 69e515b4 @ Mon Jul 27 16:54:50 UTC 2026
// 重构日志: 98727474
// 重构日志: c683cb40
// 同步 ID: e0e01b46 @ Wed Jul 29 03:51:28 UTC 2026
// 重构日志: 195a5c93
// 同步 ID: 014f3209 @ Thu Jul 30 21:36:45 UTC 2026
// 重构日志: 6e064117
// 同步 ID: 0bca11ae @ Fri Jul 31 11:44:49 UTC 2026
// 同步 ID: 355211aa @ Sun Aug  2 04:33:15 UTC 2026
// 同步 ID: ad17225b @ Sun Aug  2 17:32:40 UTC 2026
// 重构日志: 2db427eb
// 同步 ID: 601230f0 @ Wed Aug  5 11:31:23 UTC 2026
// 重构日志: e362d2f2
// 重构日志: 77361f6a
// 重构日志: 37eb3a8f
// 重构日志: bfdc7613
// 重构日志: 304a6d4c
// 重构日志: 41856923
// 同步 ID: 4240e50a @ Sat Aug  8 02:58:02 UTC 2026
